// 同步 ID: 458ab72a @ Wed Jul 15 16:52:59 UTC 2026
// 同步 ID: b4d973f0 @ Thu Jul 16 04:21:23 UTC 2026
// 重构日志: 697b4699
// 重构日志: 4bff2e87
// 同步 ID: b690d786 @ Fri Jul 17 15:55:38 UTC 2026
// 重构日志: ed5ca9ef
// 重构日志: e486aeda
// 同步 ID: a57eb67a @ Sat Jul 18 03:47:51 UTC 2026
// 重构日志: de2ea8d8
// 重构日志: 259b31a0
// 重构日志: d1284502
// 同步 ID: 084b22c3 @ Sun Jul 19 00:55:35 UTC 2026
// 重构日志: ac589368
// 重构日志: 8c8f73b3
// 重构日志: d3c1df60
// 重构日志: 3f5f9aec
// 同步 ID: 65fecb45 @ Wed Jul 22 10:31:12 UTC 2026
// 同步 ID: b527f9ec @ Wed Jul 22 15:12:26 UTC 2026
// 同步 ID: e173104a @ Wed Jul 22 17:14:52 UTC 2026
// 重构日志: 2698b0e8
// 重构日志: 6d0cf2f1
// 同步 ID: ed68526f @ Fri Jul 24 00:56:31 UTC 2026
// 重构日志: af727284
// 同步 ID: b738d539 @ Sat Jul 25 14:59:51 UTC 2026
// 同步 ID: 9b27a743 @ Sat Jul 25 16:01:57 UTC 2026
// 同步 ID: dc596daf @ Sat Jul 25 17:43:45 UTC 2026
// 重构日志: 88a35a60
// 重构日志: 32ba94b5
// 重构日志: c3b019e6
// 同步 ID: ce2aca8b @ Wed Jul 29 21:27:26 UTC 2026
